[www.a2dpcfactory.com/index.html]
[backblue.gif]
[fade.gif]
[index.html]
[kit.fontawesome.com/7432300432.js]
[cdn.jsdelivr.net/npm/bootstrap-icons@1.4.1/font/bootstrap-icons.css]
[www.a2dpcfactory.com/lib/animate/animate.min.css]
[www.a2dpcfactory.com/lib/tempusdominus/css/tempusdominus-bootstrap-4.min.css]
[www.a2dpcfactory.com/lib/owlcarousel/assets/owl.carousel.min.css]
[www.a2dpcfactory.com/css/bootstrap.min.css]
[www.a2dpcfactory.com/css/style.css]
[www.a2dpcfactory.com/index-2.html]
[www.a2dpcfactory.com/img/logo.png]
[www.a2dpcfactory.com/img/PC.mp4]
[www.a2dpcfactory.com/img/customer-support.png]
[www.a2dpcfactory.com/img/conversation.png]
[www.a2dpcfactory.com/img/delivery-bike.png]
[www.a2dpcfactory.com/img/package.png]
[www.a2dpcfactory.com/img/Supportticketimage.png]
[www.a2dpcfactory.com/terms.html]
[www.a2dpcfactory.com/setup.html]
[code.jquery.com/jquery-3.4.1.min.js]
[cdn.jsdelivr.net/npm/bootstrap@5.0.0/dist/js/bootstrap.bundle.min.js]
[www.a2dpcfactory.com/lib/wow/wow.min.js]
[www.a2dpcfactory.com/lib/easing/easing.min.js]
[www.a2dpcfactory.com/lib/waypoints/waypoints.min.js]
[www.a2dpcfactory.com/lib/counterup/counterup.min.js]
[www.a2dpcfactory.com/lib/owlcarousel/owl.carousel.min.js]
[www.a2dpcfactory.com/lib/tempusdominus/js/moment.min.js]
[www.a2dpcfactory.com/lib/tempusdominus/js/moment-timezone.min.js]
[www.a2dpcfactory.com/lib/tempusdominus/js/tempusdominus-bootstrap-4.min.js]
[www.a2dpcfactory.com/js/main.js]
[www.a2dpcfactory.com/index.html]
[www.a2dpcfactory.com/img/favicon.ico]
[ind-widget.freshworks.com/widgetBase/bootstrap.js]
[cdn.jsdelivr.net/npm/bootstrap-icons@1.4.1/font/fonts/bootstrap-iconsfb95.woff2]
[cdn.jsdelivr.net/npm/bootstrap-icons@1.4.1/font/bootstrap-icons.css]
[www.a2dpcfactory.com/lib/animate/animate.min.css]
[www.a2dpcfactory.com/lib/owlcarousel/assets/owl.video.play.png]
[www.a2dpcfactory.com/lib/owlcarousel/assets/owl.carousel.min.css]
[www.a2dpcfactory.com/lib/tempusdominus/css/tempusdominus-bootstrap-4.min.css]
[www.a2dpcfactory.com/css/bootstrap.min.css]
[www.a2dpcfactory.com/css/style.css]
[www.a2dpcfactory.com/index-2.html]
[www.a2dpcfactory.com/terms.html]
[www.a2dpcfactory.com/Tutorial Pics/Tuto_Pic_1.jpg]
[www.a2dpcfactory.com/Tutorial Pics/Tuto_Pic_3.jpg]
[www.a2dpcfactory.com/Tutorial Pics/Tuto_Pic_2.jpg]
[www.a2dpcfactory.com/Tutorial Pics/Tuto_pic_4.jpg]
[www.a2dpcfactory.com/Tutorial Pics/Tuto_Pic_5.jpg]
[www.a2dpcfactory.com/Tutorial Pics/Tuto_Pic_9.jpg]
[www.a2dpcfactory.com/Tutorial Pics/Tuto_Pic_6.jpg]
[www.a2dpcfactory.com/Tutorial Pics/Tuto_Pic_7.jpg]
[www.a2dpcfactory.com/Tutorial Pics/Tuto_Pic_8.jpg]
[www.a2dpcfactory.com/Tutorial Pics/Tuto_Pic_10.jpg]
[www.a2dpcfactory.com/Tutorial Pics/Tuto_Pic_11.jpg]
[www.a2dpcfactory.com/Tutorial Pics/Tuto_Pic_12.jpg]
[www.a2dpcfactory.com/Tutorial Pics/Tuto_Pic_13.jpg]
[www.a2dpcfactory.com/Tutorial Pics/Tuto_Pic_14.jpg]
[www.a2dpcfactory.com/Tutorial Pics/Tuto_Pic_15.jpg]
[www.a2dpcfactory.com/Tutorial Pics/Tuto_Pic_16.jpg]
[www.a2dpcfactory.com/Tutorial Pics/Tuto_Pic_17.jpg]
[www.a2dpcfactory.com/Tutorial Pics/Tuto_Pic_43.jpg]
[www.a2dpcfactory.com/Tutorial Pics/Tuto_Pic_18.jpg]
[www.a2dpcfactory.com/Tutorial Pics/Tuto_Pic_19.jpg]
[www.a2dpcfactory.com/Tutorial Pics/Tuto_Pic_42.jpg]
[www.a2dpcfactory.com/Tutorial Pics/Tuto_Pic_20.jpg]
[www.a2dpcfactory.com/Tutorial Pics/Tuto_Pic_41.jpg]
[www.a2dpcfactory.com/Tutorial Pics/Tuto_Pic_21.jpg]
[www.a2dpcfactory.com/Tutorial Pics/Tuto_pic_40.jpg]
[www.a2dpcfactory.com/Tutorial Pics/Tuto_Pic_44.jpg]
[www.a2dpcfactory.com/Tutorial Pics/Tuto_Pic_45.jpg]
[www.a2dpcfactory.com/Tutorial Pics/Tuto_Pic_22.jpg]
[www.a2dpcfactory.com/Tutorial Pics/Tuto_Pic_23.jpg]
[www.a2dpcfactory.com/Tutorial Pics/Tuto_Pic_34.jpg]
[www.a2dpcfactory.com/Tutorial Pics/Tuto_Pic_25.jpg]
[www.a2dpcfactory.com/Tutorial Pics/Tuto_Pic_30.jpg]
[www.a2dpcfactory.com/Tutorial Pics/Tuto_Pic_31.jpg]
[www.a2dpcfactory.com/Tutorial Pics/Tuto_Pic_27.jpg]
[www.a2dpcfactory.com/Tutorial Pics/Tuto_Pic_46.jpg]
[www.a2dpcfactory.com/Tutorial Pics/Tuto_Pic_28.jpg]
[www.a2dpcfactory.com/Tutorial Pics/Tuto_Pic_35.jpg]
[www.a2dpcfactory.com/Tutorial Pics/Tuto_Pic_36.jpg]
[www.a2dpcfactory.com/setup.html]
[cdn.jsdelivr.net/npm/bootstrap-icons@1.4.1/font/fonts/bootstrap-iconsfb95.woff]
